[2026-05-28 17:14:31,740: INFO: main: Welcome to Python Advance Batch-1 logs:]
[2026-05-28 17:15:19,804: INFO: main: Welcome to Python Advance Batch-1 logs:][2026-05-29 17:27:51,955: INFO: common: YAML file config\config.yaml loaded successfully:]
[2026-05-29 17:27:51,964: INFO: common: YAML file params.yaml loaded successfully:]
[2026-05-29 17:27:51,968: INFO: common: created directory at: artifacts:]
[2026-05-29 17:27:51,971: INFO: common: created directory at: artifacts/data_ingestion:]
[2026-05-29 17:27:53,211: INFO: 222777804: artifacts/data_ingestion/data.zip download! with following info: 
Connection: close
Content-Length: 11616915
Cache-Control: max-age=300
Content-Security-Policy: default-src 'none'; style-src 'unsafe-inline'; sandbox
Content-Type: application/zip
ETag: "adf745abc03891fe493c3be264ec012691fe3fa21d861f35a27edbe6d86a76b1"
Strict-Transport-Security: max-age=31536000
X-Content-Type-Options: nosniff
X-Frame-Options: deny
X-XSS-Protection: 1; mode=block
X-GitHub-Request-Id: A31A:2FB4BD:80E934:9CFEAA:6A197931
Accept-Ranges: bytes
Date: Fri, 29 May 2026 11:57:52 GMT
Via: 1.1 varnish
X-Served-By: cache-del-vibw2260027-DEL
X-Cache: HIT
X-Cache-Hits: 1
X-Timer: S1780055872.407712,VS0,VE11
Vary: Authorization,Accept-Encoding
Access-Control-Allow-Origin: *
Cross-Origin-Resource-Policy: cross-origin
X-Fastly-Request-ID: f32cef7d6ab2c8736f387d81e256b0fda2a56da6
Expires: Fri, 29 May 2026 12:02:52 GMT
Source-Age: 285

:]
[2026-06-02 16:58:49,798: INFO: main: >>>>>> Data Ingestion Stage started <<<<<<:]
[2026-06-02 16:58:49,810: INFO: common: YAML file config\config.yaml loaded successfully:]
[2026-06-02 16:58:49,820: INFO: common: YAML file params.yaml loaded successfully:]
[2026-06-02 16:58:49,821: INFO: common: created directory at: artifacts:]
[2026-06-02 16:58:49,822: INFO: common: created directory at: artifacts/data_ingestion:]
[2026-06-02 16:58:49,822: INFO: data_ingestion: File already exists of size: ~ 11345 KB:]
[2026-06-02 16:58:50,364: INFO: main: >>>>>> Data Ingestion Stage completed <<<<<<

x==========x:]
[2026-06-03 17:08:51,599: INFO: common: YAML file config\config.yaml loaded successfully:]
[2026-06-03 17:08:51,602: INFO: common: YAML file params.yaml loaded successfully:]
[2026-06-03 17:08:51,604: INFO: common: created directory at: artifacts:]
[2026-06-03 17:08:51,606: INFO: common: created directory at: artifacts/prepare_base_model:]
[2026-06-03 17:08:58,866: WARNING: saving_api: You are saving your model as an HDF5 file via `model.save()` or `keras.saving.save_model(model)`. This file format is considered legacy. We recommend using instead the native Keras format, e.g. `model.save('my_model.keras')` or `keras.saving.save_model(model, 'my_model.keras')`. :]
[2026-06-03 17:08:59,005: WARNING: config: TensorFlow GPU support is not available on native Windows for TensorFlow >= 2.11. Even if CUDA/cuDNN are installed, GPU will not be used. Please use WSL2 or the TensorFlow-DirectML plugin.:]
[2026-06-03 17:08:59,112: WARNING: saving_api: You are saving your model as an HDF5 file via `model.save()` or `keras.saving.save_model(model)`. This file format is considered legacy. We recommend using instead the native Keras format, e.g. `model.save('my_model.keras')` or `keras.saving.save_model(model, 'my_model.keras')`. :]
[2026-06-03 17:15:03,722: INFO: main: >>>>>> Data Ingestion Stage started <<<<<<:]
[2026-06-03 17:15:03,725: INFO: common: YAML file config\config.yaml loaded successfully:]
[2026-06-03 17:15:03,727: INFO: common: YAML file params.yaml loaded successfully:]
[2026-06-03 17:15:03,728: INFO: common: created directory at: artifacts:]
[2026-06-03 17:15:03,729: INFO: common: created directory at: artifacts/data_ingestion:]
[2026-06-03 17:15:03,730: INFO: data_ingestion: File already exists of size: ~ 11345 KB:]
[2026-06-03 17:15:04,240: INFO: main: >>>>>> Data Ingestion Stage completed <<<<<<

x==========x:]
[2026-06-03 17:21:43,401: INFO: main: >>>>>> Data Ingestion Stage started <<<<<<:]
[2026-06-03 17:21:43,403: INFO: common: YAML file config\config.yaml loaded successfully:]
[2026-06-03 17:21:43,404: INFO: common: YAML file params.yaml loaded successfully:]
[2026-06-03 17:21:43,405: INFO: common: created directory at: artifacts:]
[2026-06-03 17:21:43,405: INFO: common: created directory at: artifacts/data_ingestion:]
[2026-06-03 17:21:43,406: INFO: data_ingestion: File already exists of size: ~ 11345 KB:]
[2026-06-03 17:21:43,831: INFO: main: >>>>>> Data Ingestion Stage completed <<<<<<

x==========x:]
[2026-06-03 17:22:57,019: INFO: main: >>>>>> Data Ingestion Stage started <<<<<<:]
[2026-06-03 17:22:57,021: INFO: common: YAML file config\config.yaml loaded successfully:]
[2026-06-03 17:22:57,022: INFO: common: YAML file params.yaml loaded successfully:]
[2026-06-03 17:22:57,023: INFO: common: created directory at: artifacts:]
[2026-06-03 17:22:57,023: INFO: common: created directory at: artifacts/data_ingestion:]
[2026-06-03 17:22:57,024: INFO: data_ingestion: File already exists of size: ~ 11345 KB:]
[2026-06-03 17:22:57,477: INFO: main: >>>>>> Data Ingestion Stage completed <<<<<<

x==========x:]
[2026-06-03 17:26:52,913: INFO: main: >>>>>> Data Ingestion Stage started <<<<<<:]
[2026-06-03 17:26:52,923: INFO: common: YAML file config\config.yaml loaded successfully:]
[2026-06-03 17:26:52,923: INFO: common: YAML file params.yaml loaded successfully:]
[2026-06-03 17:26:52,925: INFO: common: created directory at: artifacts:]
[2026-06-03 17:26:52,926: INFO: common: created directory at: artifacts/data_ingestion:]
[2026-06-03 17:26:52,926: INFO: data_ingestion: File already exists of size: ~ 11345 KB:]
[2026-06-03 17:26:53,472: INFO: main: >>>>>> Data Ingestion Stage completed <<<<<<

x==========x:]
[2026-06-03 17:27:00,387: INFO: main: >>>>>> Prepare Base Model started <<<<<<:]
[2026-06-03 17:27:00,389: INFO: common: YAML file config\config.yaml loaded successfully:]
[2026-06-03 17:27:00,389: INFO: common: YAML file params.yaml loaded successfully:]
[2026-06-03 17:27:00,389: INFO: common: created directory at: artifacts:]
[2026-06-03 17:27:00,389: INFO: common: created directory at: artifacts/prepare_base_model:]
[2026-06-03 17:27:00,882: WARNING: saving_api: You are saving your model as an HDF5 file via `model.save()` or `keras.saving.save_model(model)`. This file format is considered legacy. We recommend using instead the native Keras format, e.g. `model.save('my_model.keras')` or `keras.saving.save_model(model, 'my_model.keras')`. :]
[2026-06-03 17:27:01,055: WARNING: config: TensorFlow GPU support is not available on native Windows for TensorFlow >= 2.11. Even if CUDA/cuDNN are installed, GPU will not be used. Please use WSL2 or the TensorFlow-DirectML plugin.:]
[2026-06-03 17:27:01,086: WARNING: saving_api: You are saving your model as an HDF5 file via `model.save()` or `keras.saving.save_model(model)`. This file format is considered legacy. We recommend using instead the native Keras format, e.g. `model.save('my_model.keras')` or `keras.saving.save_model(model, 'my_model.keras')`. :]
[2026-06-03 17:27:01,232: INFO: main: >>>>>> Prepare Base Model completed <<<<<<

x==========x:]
[2026-06-05 16:54:35,027: INFO: common: YAML file config\config.yaml loaded successfully:]
[2026-06-05 16:54:35,042: INFO: common: YAML file params.yaml loaded successfully:]
[2026-06-05 16:54:35,042: INFO: common: created directory at: artifacts:]
[2026-06-05 16:54:35,047: INFO: common: created directory at: artifacts\prepare_callbacks\checkpoint_dir:]
[2026-06-05 16:54:35,049: INFO: common: created directory at: artifacts\prepare_callbacks\tensorboard_log_dir:]
[2026-06-08 16:53:33,273: INFO: common: YAML file config\config.yaml loaded successfully:]
[2026-06-08 16:53:33,285: INFO: common: YAML file params.yaml loaded successfully:]
[2026-06-08 16:53:33,287: INFO: common: created directory at: artifacts:]
[2026-06-08 16:53:33,288: INFO: common: created directory at: artifacts\prepare_callbacks\checkpoint_dir:]
[2026-06-08 16:53:33,290: INFO: common: created directory at: artifacts\prepare_callbacks\tensorboard_log_dir:]
[2026-06-08 16:53:33,327: INFO: common: created directory at: artifacts\training:]
[2026-06-08 16:53:33,777: WARNING: config: TensorFlow GPU support is not available on native Windows for TensorFlow >= 2.11. Even if CUDA/cuDNN are installed, GPU will not be used. Please use WSL2 or the TensorFlow-DirectML plugin.:]
[2026-06-08 16:56:17,161: INFO: common: YAML file config\config.yaml loaded successfully:]
[2026-06-08 16:56:17,164: INFO: common: YAML file params.yaml loaded successfully:]
[2026-06-08 16:56:17,165: INFO: common: created directory at: artifacts:]
[2026-06-08 16:56:17,166: INFO: common: created directory at: artifacts\prepare_callbacks\checkpoint_dir:]
[2026-06-08 16:56:17,167: INFO: common: created directory at: artifacts\prepare_callbacks\tensorboard_log_dir:]
[2026-06-08 16:56:17,168: INFO: common: created directory at: artifacts\training:]
[2026-06-08 16:56:54,335: INFO: common: YAML file config\config.yaml loaded successfully:]
[2026-06-08 16:56:54,338: INFO: common: YAML file params.yaml loaded successfully:]
[2026-06-08 16:56:54,340: INFO: common: created directory at: artifacts:]
[2026-06-08 16:56:54,342: INFO: common: created directory at: artifacts\prepare_callbacks\checkpoint_dir:]
[2026-06-08 16:56:54,344: INFO: common: created directory at: artifacts\prepare_callbacks\tensorboard_log_dir:]
[2026-06-08 16:56:54,348: INFO: common: created directory at: artifacts\training:]
[2026-06-08 16:57:17,027: WARNING: saving_api: You are saving your model as an HDF5 file via `model.save()` or `keras.saving.save_model(model)`. This file format is considered legacy. We recommend using instead the native Keras format, e.g. `model.save('my_model.keras')` or `keras.saving.save_model(model, 'my_model.keras')`. :]
[2026-06-08 16:57:17,138: WARNING: saving_api: You are saving your model as an HDF5 file via `model.save()` or `keras.saving.save_model(model)`. This file format is considered legacy. We recommend using instead the native Keras format, e.g. `model.save('my_model.keras')` or `keras.saving.save_model(model, 'my_model.keras')`. :]
[2026-06-09 16:57:59,853: INFO: main: >>>>>> Data Ingestion Stage started <<<<<<:]
[2026-06-09 16:57:59,872: INFO: common: YAML file config\config.yaml loaded successfully:]
[2026-06-09 16:57:59,883: INFO: common: YAML file params.yaml loaded successfully:]
[2026-06-09 16:57:59,886: INFO: common: created directory at: artifacts:]
[2026-06-09 16:57:59,886: INFO: common: created directory at: artifacts/data_ingestion:]
[2026-06-09 16:57:59,888: INFO: data_ingestion: File already exists of size: ~ 11345 KB:]
[2026-06-09 16:58:00,462: INFO: main: >>>>>> Data Ingestion Stage completed <<<<<<

x==========x:]
[2026-06-09 16:58:17,472: INFO: main: >>>>>> Prepare Base Model started <<<<<<:]
[2026-06-09 16:58:17,472: INFO: common: YAML file config\config.yaml loaded successfully:]
[2026-06-09 16:58:17,472: INFO: common: YAML file params.yaml loaded successfully:]
[2026-06-09 16:58:17,480: INFO: common: created directory at: artifacts:]
[2026-06-09 16:58:17,480: INFO: common: created directory at: artifacts/prepare_base_model:]
[2026-06-09 16:58:18,169: WARNING: saving_api: You are saving your model as an HDF5 file via `model.save()` or `keras.saving.save_model(model)`. This file format is considered legacy. We recommend using instead the native Keras format, e.g. `model.save('my_model.keras')` or `keras.saving.save_model(model, 'my_model.keras')`. :]
[2026-06-09 16:58:18,350: WARNING: config: TensorFlow GPU support is not available on native Windows for TensorFlow >= 2.11. Even if CUDA/cuDNN are installed, GPU will not be used. Please use WSL2 or the TensorFlow-DirectML plugin.:]
[2026-06-09 16:58:18,389: WARNING: saving_api: You are saving your model as an HDF5 file via `model.save()` or `keras.saving.save_model(model)`. This file format is considered legacy. We recommend using instead the native Keras format, e.g. `model.save('my_model.keras')` or `keras.saving.save_model(model, 'my_model.keras')`. :]
[2026-06-09 16:58:18,542: INFO: main: >>>>>> Prepare Base Model completed <<<<<<

x==========x:]
[2026-06-09 16:59:02,256: INFO: main: >>>>>> Data Ingestion Stage started <<<<<<:]
[2026-06-09 16:59:02,262: INFO: common: YAML file config\config.yaml loaded successfully:]
[2026-06-09 16:59:02,262: INFO: common: YAML file params.yaml loaded successfully:]
[2026-06-09 16:59:02,264: INFO: common: created directory at: artifacts:]
[2026-06-09 16:59:02,266: INFO: common: created directory at: artifacts/data_ingestion:]
[2026-06-09 16:59:02,266: INFO: data_ingestion: File already exists of size: ~ 11345 KB:]
[2026-06-09 16:59:02,859: INFO: main: >>>>>> Data Ingestion Stage completed <<<<<<

x==========x:]
[2026-06-09 16:59:09,958: INFO: main: >>>>>> Prepare Base Model started <<<<<<:]
[2026-06-09 16:59:09,963: INFO: common: YAML file config\config.yaml loaded successfully:]
[2026-06-09 16:59:09,963: INFO: common: YAML file params.yaml loaded successfully:]
[2026-06-09 16:59:09,966: INFO: common: created directory at: artifacts:]
[2026-06-09 16:59:09,966: INFO: common: created directory at: artifacts/prepare_base_model:]
[2026-06-09 16:59:10,422: WARNING: saving_api: You are saving your model as an HDF5 file via `model.save()` or `keras.saving.save_model(model)`. This file format is considered legacy. We recommend using instead the native Keras format, e.g. `model.save('my_model.keras')` or `keras.saving.save_model(model, 'my_model.keras')`. :]
[2026-06-09 16:59:10,598: WARNING: config: TensorFlow GPU support is not available on native Windows for TensorFlow >= 2.11. Even if CUDA/cuDNN are installed, GPU will not be used. Please use WSL2 or the TensorFlow-DirectML plugin.:]
[2026-06-09 16:59:10,635: WARNING: saving_api: You are saving your model as an HDF5 file via `model.save()` or `keras.saving.save_model(model)`. This file format is considered legacy. We recommend using instead the native Keras format, e.g. `model.save('my_model.keras')` or `keras.saving.save_model(model, 'my_model.keras')`. :]
[2026-06-09 16:59:10,799: INFO: main: >>>>>> Prepare Base Model completed <<<<<<

x==========x:]
[2026-06-09 16:59:10,848: INFO: main: >>>>>> Training started <<<<<<:]
[2026-06-09 16:59:10,850: INFO: common: YAML file config\config.yaml loaded successfully:]
[2026-06-09 16:59:10,850: INFO: common: YAML file params.yaml loaded successfully:]
[2026-06-09 16:59:10,850: INFO: common: created directory at: artifacts:]
[2026-06-09 16:59:10,850: INFO: common: created directory at: artifacts\prepare_callbacks\checkpoint_dir:]
[2026-06-09 16:59:10,850: INFO: common: created directory at: artifacts\prepare_callbacks\tensorboard_log_dir:]
[2026-06-09 16:59:10,850: INFO: common: created directory at: artifacts\training:]
[2026-06-09 16:59:11,072: WARNING: saving_utils: Compiled the loaded model, but the compiled metrics have yet to be built. `model.compile_metrics` will be empty until you train or evaluate the model.:]
[2026-06-09 17:01:06,042: WARNING: saving_api: You are saving your model as an HDF5 file via `model.save()` or `keras.saving.save_model(model)`. This file format is considered legacy. We recommend using instead the native Keras format, e.g. `model.save('my_model.keras')` or `keras.saving.save_model(model, 'my_model.keras')`. :]
[2026-06-09 17:01:06,261: WARNING: saving_api: You are saving your model as an HDF5 file via `model.save()` or `keras.saving.save_model(model)`. This file format is considered legacy. We recommend using instead the native Keras format, e.g. `model.save('my_model.keras')` or `keras.saving.save_model(model, 'my_model.keras')`. :]
[2026-06-09 17:01:06,428: INFO: main: >>>>>> Training completed <<<<<<

x==========x:]
[2026-06-11 00:10:15,580: INFO: main: >>>>>> Data Ingestion Stage started <<<<<<:]
[2026-06-11 00:10:15,596: INFO: common: YAML file config\config.yaml loaded successfully:]
[2026-06-11 00:10:15,612: INFO: common: YAML file params.yaml loaded successfully:]
[2026-06-11 00:10:15,614: INFO: common: created directory at: artifacts:]
[2026-06-11 00:10:15,615: INFO: common: created directory at: artifacts/data_ingestion:]
[2026-06-11 00:10:15,616: INFO: data_ingestion: File already exists of size: ~ 11345 KB:]
[2026-06-11 00:10:16,016: INFO: main: >>>>>> Data Ingestion Stage completed <<<<<<

x==========x:]
[2026-06-11 00:10:25,753: INFO: main: >>>>>> Prepare Base Model started <<<<<<:]
[2026-06-11 00:10:25,757: INFO: common: YAML file config\config.yaml loaded successfully:]
[2026-06-11 00:10:25,757: INFO: common: YAML file params.yaml loaded successfully:]
[2026-06-11 00:10:25,757: INFO: common: created directory at: artifacts:]
[2026-06-11 00:10:25,757: INFO: common: created directory at: artifacts/prepare_base_model:]
[2026-06-11 00:10:26,181: WARNING: saving_api: You are saving your model as an HDF5 file via `model.save()` or `keras.saving.save_model(model)`. This file format is considered legacy. We recommend using instead the native Keras format, e.g. `model.save('my_model.keras')` or `keras.saving.save_model(model, 'my_model.keras')`. :]
[2026-06-11 00:10:26,315: WARNING: config: TensorFlow GPU support is not available on native Windows for TensorFlow >= 2.11. Even if CUDA/cuDNN are installed, GPU will not be used. Please use WSL2 or the TensorFlow-DirectML plugin.:]
[2026-06-11 00:10:26,335: WARNING: saving_api: You are saving your model as an HDF5 file via `model.save()` or `keras.saving.save_model(model)`. This file format is considered legacy. We recommend using instead the native Keras format, e.g. `model.save('my_model.keras')` or `keras.saving.save_model(model, 'my_model.keras')`. :]
[2026-06-11 00:10:26,465: INFO: main: >>>>>> Prepare Base Model completed <<<<<<

x==========x:]
[2026-06-11 00:10:26,472: INFO: main: >>>>>> Training started <<<<<<:]
[2026-06-11 00:10:26,476: INFO: common: YAML file config\config.yaml loaded successfully:]
[2026-06-11 00:10:26,478: INFO: common: YAML file params.yaml loaded successfully:]
[2026-06-11 00:10:26,478: INFO: common: created directory at: artifacts:]
[2026-06-11 00:10:26,479: INFO: common: created directory at: artifacts\prepare_callbacks\checkpoint_dir:]
[2026-06-11 00:10:26,479: INFO: common: created directory at: artifacts\prepare_callbacks\tensorboard_log_dir:]
[2026-06-11 00:10:26,480: INFO: common: created directory at: artifacts\training:]
[2026-06-11 00:10:26,656: WARNING: saving_utils: Compiled the loaded model, but the compiled metrics have yet to be built. `model.compile_metrics` will be empty until you train or evaluate the model.:]
[2026-06-11 00:11:55,292: WARNING: saving_api: You are saving your model as an HDF5 file via `model.save()` or `keras.saving.save_model(model)`. This file format is considered legacy. We recommend using instead the native Keras format, e.g. `model.save('my_model.keras')` or `keras.saving.save_model(model, 'my_model.keras')`. :]
[2026-06-11 00:11:55,442: WARNING: saving_api: You are saving your model as an HDF5 file via `model.save()` or `keras.saving.save_model(model)`. This file format is considered legacy. We recommend using instead the native Keras format, e.g. `model.save('my_model.keras')` or `keras.saving.save_model(model, 'my_model.keras')`. :]
[2026-06-11 00:11:55,570: INFO: main: >>>>>> Training completed <<<<<<

x==========x:]
[2026-06-11 00:11:55,597: INFO: main: >>>>>> Evaluation started <<<<<<:]
[2026-06-11 00:11:55,597: INFO: common: YAML file config\config.yaml loaded successfully:]
[2026-06-11 00:11:55,597: INFO: common: YAML file params.yaml loaded successfully:]
[2026-06-11 00:11:55,597: INFO: common: created directory at: artifacts:]
[2026-06-11 00:11:55,810: WARNING: saving_utils: Compiled the loaded model, but the compiled metrics have yet to be built. `model.compile_metrics` will be empty until you train or evaluate the model.:]
[2026-06-11 00:12:05,212: INFO: common: json file saved at: scores.json:]
[2026-06-11 00:12:05,212: INFO: main: >>>>>> Evaluation completed <<<<<<

x==========x:]
[2026-06-12 16:54:27,243: INFO: stage_01_data_ingestion: >>>> stage Data Ingestion stage started >>>>>:]
[2026-06-12 16:54:27,249: INFO: common: YAML file config\config.yaml loaded successfully:]
[2026-06-12 16:54:27,251: INFO: common: YAML file params.yaml loaded successfully:]
[2026-06-12 16:54:27,251: INFO: common: created directory at: artifacts:]
[2026-06-12 16:54:27,251: INFO: common: created directory at: artifacts/data_ingestion:]
[2026-06-12 16:54:27,257: INFO: data_ingestion: File already exists of size: ~ 11345 KB:]
[2026-06-12 16:54:27,963: INFO: stage_01_data_ingestion: >>> stage Data Ingestion stage completed >>>>>

 x======x:]
[2026-06-12 16:55:27,071: INFO: stage_01_data_ingestion: >>>> stage Data Ingestion stage started >>>>>:]
[2026-06-12 16:55:27,079: INFO: common: YAML file config\config.yaml loaded successfully:]
[2026-06-12 16:55:27,081: INFO: common: YAML file params.yaml loaded successfully:]
[2026-06-12 16:55:27,081: INFO: common: created directory at: artifacts:]
[2026-06-12 16:55:27,085: INFO: common: created directory at: artifacts/data_ingestion:]
[2026-06-12 16:55:27,085: INFO: data_ingestion: File already exists of size: ~ 11345 KB:]
[2026-06-12 16:55:27,772: INFO: stage_01_data_ingestion: >>> stage Data Ingestion stage completed >>>>>

 x======x:]
[2026-06-12 16:55:59,249: INFO: stage_02_prepare_base_model: *******************:]
[2026-06-12 16:55:59,249: INFO: stage_02_prepare_base_model: >>>>>> stage Prepare base model started <<<<<<:]
[2026-06-12 16:55:59,249: INFO: common: YAML file config\config.yaml loaded successfully:]
[2026-06-12 16:55:59,260: INFO: common: YAML file params.yaml loaded successfully:]
[2026-06-12 16:55:59,260: INFO: common: created directory at: artifacts:]
[2026-06-12 16:55:59,260: INFO: common: created directory at: artifacts/prepare_base_model:]
[2026-06-12 16:56:00,036: WARNING: saving_api: You are saving your model as an HDF5 file via `model.save()` or `keras.saving.save_model(model)`. This file format is considered legacy. We recommend using instead the native Keras format, e.g. `model.save('my_model.keras')` or `keras.saving.save_model(model, 'my_model.keras')`. :]
[2026-06-12 16:56:00,265: WARNING: config: TensorFlow GPU support is not available on native Windows for TensorFlow >= 2.11. Even if CUDA/cuDNN are installed, GPU will not be used. Please use WSL2 or the TensorFlow-DirectML plugin.:]
[2026-06-12 16:56:00,305: WARNING: saving_api: You are saving your model as an HDF5 file via `model.save()` or `keras.saving.save_model(model)`. This file format is considered legacy. We recommend using instead the native Keras format, e.g. `model.save('my_model.keras')` or `keras.saving.save_model(model, 'my_model.keras')`. :]
[2026-06-12 16:56:00,491: INFO: stage_02_prepare_base_model: >>>>>> stage Prepare base model completed <<<<<<

x==========x:]
[2026-06-12 17:14:56,954: INFO: stage_03_training: *******************:]
[2026-06-12 17:14:56,954: INFO: stage_03_training: >>>>>> stage Training started <<<<<<:]
[2026-06-12 17:14:56,962: INFO: common: YAML file config\config.yaml loaded successfully:]
[2026-06-12 17:14:56,964: INFO: common: YAML file params.yaml loaded successfully:]
[2026-06-12 17:14:56,964: INFO: common: created directory at: artifacts:]
[2026-06-12 17:14:56,968: INFO: common: created directory at: artifacts\prepare_callbacks\checkpoint_dir:]
[2026-06-12 17:14:56,970: INFO: common: created directory at: artifacts\prepare_callbacks\tensorboard_log_dir:]
[2026-06-12 17:14:56,970: ERROR: stage_03_training: module 'tensorflow.keras' has no attribute 'callback':]
Traceback (most recent call last):
  File "C:\Users\asus\OneDrive\Desktop\dl_ops\src\cnnClassifier\pipeline\stage_03_training.py", line 37, in <module>
    obj.main()
  File "C:\Users\asus\OneDrive\Desktop\dl_ops\src\cnnClassifier\pipeline\stage_03_training.py", line 18, in main
    callback_list = prepare_callbacks.get_tb_ckpt_callbacks()
                    ^^^^^^^^^^^^^^^^^^^^^^^^^^^^^^^^^^^^^^^^^
  File "C:\Users\asus\OneDrive\Desktop\dl_ops\src\cnnClassifier\components\prepare_callbacks.py", line 35, in get_tb_ckpt_callbacks
    self._create_ckpt_callbacks
  File "C:\Users\asus\OneDrive\Desktop\dl_ops\src\cnnClassifier\components\prepare_callbacks.py", line 26, in _create_ckpt_callbacks
    return tf.keras.callback.ModelCheckpoint(
           ^^^^^^^^^^^^^^^^^
AttributeError: module 'tensorflow.keras' has no attribute 'callback'
[2026-06-12 17:16:36,217: INFO: stage_03_training: *******************:]
[2026-06-12 17:16:36,217: INFO: stage_03_training: >>>>>> stage Training started <<<<<<:]
[2026-06-12 17:16:36,221: INFO: common: YAML file config\config.yaml loaded successfully:]
[2026-06-12 17:16:36,221: INFO: common: YAML file params.yaml loaded successfully:]
[2026-06-12 17:16:36,221: INFO: common: created directory at: artifacts:]
[2026-06-12 17:16:36,226: INFO: common: created directory at: artifacts\prepare_callbacks\checkpoint_dir:]
[2026-06-12 17:16:36,226: INFO: common: created directory at: artifacts\prepare_callbacks\tensorboard_log_dir:]
[2026-06-12 17:16:36,228: INFO: common: created directory at: artifacts\training:]
[2026-06-12 17:16:36,658: WARNING: config: TensorFlow GPU support is not available on native Windows for TensorFlow >= 2.11. Even if CUDA/cuDNN are installed, GPU will not be used. Please use WSL2 or the TensorFlow-DirectML plugin.:]
[2026-06-12 17:16:36,667: WARNING: saving_utils: Compiled the loaded model, but the compiled metrics have yet to be built. `model.compile_metrics` will be empty until you train or evaluate the model.:]
[2026-06-12 17:18:37,354: WARNING: saving_api: You are saving your model as an HDF5 file via `model.save()` or `keras.saving.save_model(model)`. This file format is considered legacy. We recommend using instead the native Keras format, e.g. `model.save('my_model.keras')` or `keras.saving.save_model(model, 'my_model.keras')`. :]
[2026-06-12 17:18:37,514: WARNING: saving_api: You are saving your model as an HDF5 file via `model.save()` or `keras.saving.save_model(model)`. This file format is considered legacy. We recommend using instead the native Keras format, e.g. `model.save('my_model.keras')` or `keras.saving.save_model(model, 'my_model.keras')`. :]
[2026-06-12 17:18:37,636: INFO: stage_03_training: >>>>>> stage Training completed <<<<<<

x==========x:]
[2026-06-12 17:18:49,307: INFO: stage_04_evaluation: *******************:]
[2026-06-12 17:18:49,307: INFO: stage_04_evaluation: >>>>>> stage Evaluation stage started <<<<<<:]
[2026-06-12 17:18:49,307: INFO: common: YAML file config\config.yaml loaded successfully:]
[2026-06-12 17:18:49,315: INFO: common: YAML file params.yaml loaded successfully:]
[2026-06-12 17:18:49,316: INFO: common: created directory at: artifacts:]
[2026-06-12 17:18:49,734: WARNING: config: TensorFlow GPU support is not available on native Windows for TensorFlow >= 2.11. Even if CUDA/cuDNN are installed, GPU will not be used. Please use WSL2 or the TensorFlow-DirectML plugin.:]
[2026-06-12 17:18:49,740: WARNING: saving_utils: Compiled the loaded model, but the compiled metrics have yet to be built. `model.compile_metrics` will be empty until you train or evaluate the model.:]
[2026-06-12 17:18:59,105: INFO: common: json file saved at: scores.json:]
[2026-06-12 17:18:59,105: INFO: stage_04_evaluation: >>>>>> stage Evaluation stage completed <<<<<<

x==========x:]
[2026-06-17 15:08:12,851: INFO: _internal: [31m[1mWARNING: This is a development server. Do not use it in a production deployment. Use a production WSGI server instead.[0m
 * Running on all addresses (0.0.0.0)
 * Running on http://127.0.0.1:8080
 * Running on http://192.168.33.29:8080:]
[2026-06-17 15:08:12,851: INFO: _internal: [33mPress CTRL+C to quit[0m:]
[2026-06-17 15:08:21,871: INFO: _internal: 127.0.0.1 - - [17/Jun/2026 15:08:21] "GET / HTTP/1.1" 200 -:]
[2026-06-17 15:08:22,158: INFO: _internal: 127.0.0.1 - - [17/Jun/2026 15:08:22] "[33mGET /favicon.ico HTTP/1.1[0m" 404 -:]
[2026-06-17 15:08:50,309: WARNING: config: TensorFlow GPU support is not available on native Windows for TensorFlow >= 2.11. Even if CUDA/cuDNN are installed, GPU will not be used. Please use WSL2 or the TensorFlow-DirectML plugin.:]
[2026-06-17 15:08:50,316: WARNING: saving_utils: Compiled the loaded model, but the compiled metrics have yet to be built. `model.compile_metrics` will be empty until you train or evaluate the model.:]
[2026-06-17 15:08:51,602: INFO: _internal: 127.0.0.1 - - [17/Jun/2026 15:08:51] "POST /predict HTTP/1.1" 200 -:]
